[33mwarn[39m: JWT验证失败: {"timestamp":"2026-07-23 12:00:20"}
[31merror[39m: 用户登录查询失败: SQLITE_ERROR: no such table: users {"__augmented":true,"code":"SQLITE_ERROR","errno":1,"stack":"Error: SQLITE_ERROR: no such table: users\n--> in Database#get('SELECT id, username, email, password_hash, name, role, status FROM users WHERE username = ? OR email = ?', [ 'JunkangShen', 'JunkangShen' ], [AsyncFunction (anonymous)])\n    at E:\\Arecibo\\SJTJ-v1.3\\backend\\src\\services\\userService-simple.js:116:16\n    at new Promise (<anonymous>)\n    at UserService.login (E:\\Arecibo\\SJTJ-v1.3\\backend\\src\\services\\userService-simple.js:113:16)\n    at E:\\Arecibo\\SJTJ-v1.3\\backend\\src\\routes\\auth-simple.js:25:38\n    at Layer.handle [as handle_request] (E:\\Arecibo\\SJTJ-v1.3\\backend\\node_modules\\express\\lib\\router\\layer.js:95:5)\n    at next (E:\\Arecibo\\SJTJ-v1.3\\backend\\node_modules\\express\\lib\\router\\route.js:149:13)\n    at E:\\Arecibo\\SJTJ-v1.3\\backend\\src\\middleware\\validation.js:28:5\n    at Layer.handle [as handle_request] (E:\\Arecibo\\SJTJ-v1.3\\backend\\node_modules\\express\\lib\\router\\layer.js:95:5)\n    at next (E:\\Arecibo\\SJTJ-v1.3\\backend\\node_modules\\express\\lib\\router\\route.js:149:13)","timestamp":"2026-07-23 12:56:27"}
[31merror[39m: 登录接口错误: 数据库查询失败 {"stack":"Error: 数据库查询失败\n    at E:\\Arecibo\\SJTJ-v1.3\\backend\\src\\services\\userService-simple.js:123:39\n    at replacement (E:\\Arecibo\\SJTJ-v1.3\\backend\\node_modules\\sqlite3\\lib\\trace.js:25:27)\n    at Statement.errBack (E:\\Arecibo\\SJTJ-v1.3\\backend\\node_modules\\sqlite3\\lib\\sqlite3.js:15:21)","timestamp":"2026-07-23 12:56:27"}
[31merror[39m: 用户登录查询失败: SQLITE_ERROR: no such table: users {"__augmented":true,"code":"SQLITE_ERROR","errno":1,"stack":"Error: SQLITE_ERROR: no such table: users\n--> in Database#get('SELECT id, username, email, password_hash, name, role, status FROM users WHERE username = ? OR email = ?', [ 'JunkangShen', 'JunkangShen' ], [AsyncFunction (anonymous)])\n    at E:\\Arecibo\\SJTJ-v1.3\\backend\\src\\services\\userService-simple.js:116:16\n    at new Promise (<anonymous>)\n    at UserService.login (E:\\Arecibo\\SJTJ-v1.3\\backend\\src\\services\\userService-simple.js:113:16)\n    at E:\\Arecibo\\SJTJ-v1.3\\backend\\src\\routes\\auth-simple.js:25:38\n    at Layer.handle [as handle_request] (E:\\Arecibo\\SJTJ-v1.3\\backend\\node_modules\\express\\lib\\router\\layer.js:95:5)\n    at next (E:\\Arecibo\\SJTJ-v1.3\\backend\\node_modules\\express\\lib\\router\\route.js:149:13)\n    at E:\\Arecibo\\SJTJ-v1.3\\backend\\src\\middleware\\validation.js:28:5\n    at Layer.handle [as handle_request] (E:\\Arecibo\\SJTJ-v1.3\\backend\\node_modules\\express\\lib\\router\\layer.js:95:5)\n    at next (E:\\Arecibo\\SJTJ-v1.3\\backend\\node_modules\\express\\lib\\router\\route.js:149:13)","timestamp":"2026-07-23 13:02:58"}
[31merror[39m: 登录接口错误: 数据库查询失败 {"stack":"Error: 数据库查询失败\n    at E:\\Arecibo\\SJTJ-v1.3\\backend\\src\\services\\userService-simple.js:123:39\n    at replacement (E:\\Arecibo\\SJTJ-v1.3\\backend\\node_modules\\sqlite3\\lib\\trace.js:25:27)\n    at Statement.errBack (E:\\Arecibo\\SJTJ-v1.3\\backend\\node_modules\\sqlite3\\lib\\sqlite3.js:15:21)","timestamp":"2026-07-23 13:02:58"}
[31merror[39m: 用户登录查询失败: SQLITE_ERROR: no such table: users {"__augmented":true,"code":"SQLITE_ERROR","errno":1,"stack":"Error: SQLITE_ERROR: no such table: users\n--> in Database#get('SELECT id, username, email, password_hash, name, role, status FROM users WHERE username = ? OR email = ?', [ 'JunkangShen', 'JunkangShen' ], [AsyncFunction (anonymous)])\n    at E:\\Arecibo\\SJTJ-v1.3\\backend\\src\\services\\userService-simple.js:116:16\n    at new Promise (<anonymous>)\n    at UserService.login (E:\\Arecibo\\SJTJ-v1.3\\backend\\src\\services\\userService-simple.js:113:16)\n    at E:\\Arecibo\\SJTJ-v1.3\\backend\\src\\routes\\auth-simple.js:25:38\n    at Layer.handle [as handle_request] (E:\\Arecibo\\SJTJ-v1.3\\backend\\node_modules\\express\\lib\\router\\layer.js:95:5)\n    at next (E:\\Arecibo\\SJTJ-v1.3\\backend\\node_modules\\express\\lib\\router\\route.js:149:13)\n    at E:\\Arecibo\\SJTJ-v1.3\\backend\\src\\middleware\\validation.js:28:5\n    at Layer.handle [as handle_request] (E:\\Arecibo\\SJTJ-v1.3\\backend\\node_modules\\express\\lib\\router\\layer.js:95:5)\n    at next (E:\\Arecibo\\SJTJ-v1.3\\backend\\node_modules\\express\\lib\\router\\route.js:149:13)","timestamp":"2026-07-23 13:03:07"}
[31merror[39m: 登录接口错误: 数据库查询失败 {"stack":"Error: 数据库查询失败\n    at E:\\Arecibo\\SJTJ-v1.3\\backend\\src\\services\\userService-simple.js:123:39\n    at replacement (E:\\Arecibo\\SJTJ-v1.3\\backend\\node_modules\\sqlite3\\lib\\trace.js:25:27)\n    at Statement.errBack (E:\\Arecibo\\SJTJ-v1.3\\backend\\node_modules\\sqlite3\\lib\\sqlite3.js:15:21)","timestamp":"2026-07-23 13:03:07"}
[31merror[39m: 用户登录查询失败: SQLITE_ERROR: no such table: users {"__augmented":true,"code":"SQLITE_ERROR","errno":1,"stack":"Error: SQLITE_ERROR: no such table: users\n--> in Database#get('SELECT id, username, email, password_hash, name, role, status FROM users WHERE username = ? OR email = ?', [ 'JunkangShen', 'JunkangShen' ], [AsyncFunction (anonymous)])\n    at E:\\Arecibo\\SJTJ-v1.3\\backend\\src\\services\\userService-simple.js:116:16\n    at new Promise (<anonymous>)\n    at UserService.login (E:\\Arecibo\\SJTJ-v1.3\\backend\\src\\services\\userService-simple.js:113:16)\n    at E:\\Arecibo\\SJTJ-v1.3\\backend\\src\\routes\\auth-simple.js:25:38\n    at Layer.handle [as handle_request] (E:\\Arecibo\\SJTJ-v1.3\\backend\\node_modules\\express\\lib\\router\\layer.js:95:5)\n    at next (E:\\Arecibo\\SJTJ-v1.3\\backend\\node_modules\\express\\lib\\router\\route.js:149:13)\n    at E:\\Arecibo\\SJTJ-v1.3\\backend\\src\\middleware\\validation.js:28:5\n    at Layer.handle [as handle_request] (E:\\Arecibo\\SJTJ-v1.3\\backend\\node_modules\\express\\lib\\router\\layer.js:95:5)\n    at next (E:\\Arecibo\\SJTJ-v1.3\\backend\\node_modules\\express\\lib\\router\\route.js:149:13)","timestamp":"2026-07-23 13:04:03"}
[31merror[39m: 登录接口错误: 数据库查询失败 {"stack":"Error: 数据库查询失败\n    at E:\\Arecibo\\SJTJ-v1.3\\backend\\src\\services\\userService-simple.js:123:39\n    at replacement (E:\\Arecibo\\SJTJ-v1.3\\backend\\node_modules\\sqlite3\\lib\\trace.js:25:27)\n    at Statement.errBack (E:\\Arecibo\\SJTJ-v1.3\\backend\\node_modules\\sqlite3\\lib\\sqlite3.js:15:21)","timestamp":"2026-07-23 13:04:03"}

    at next (E:\Arecibo\SJTJ-v1.3\backend\node_modules\express\lib\router\route.js:149:13)
2026-07-23 13:03:07 [ERROR]: Error: 数据库查询失败
    at E:\Arecibo\SJTJ-v1.3\backend\src\services\userService-simple.js:123:39
    at replacement (E:\Arecibo\SJTJ-v1.3\backend\node_modules\sqlite3\lib\trace.js:25:27)
    at Statement.errBack (E:\Arecibo\SJTJ-v1.3\backend\node_modules\sqlite3\lib\sqlite3.js:15:21)
2026-07-23 13:04:03 [ERROR]: Error: SQLITE_ERROR: no such table: users
--> in Database#get('SELECT id, username, email, password_hash, name, role, status FROM users WHERE username = ? OR email = ?', [ 'JunkangShen', 'JunkangShen' ], [AsyncFunction (anonymous)])
    at E:\Arecibo\SJTJ-v1.3\backend\src\services\userService-simple.js:116:16
    at new Promise (<anonymous>)
    at UserService.login (E:\Arecibo\SJTJ-v1.3\backend\src\services\userService-simple.js:113:16)
    at E:\Arecibo\SJTJ-v1.3\backend\src\routes\auth-simple.js:25:38
    at Layer.handle [as handle_request] (E:\Arecibo\SJTJ-v1.3\backend\node_modules\express\lib\router\layer.js:95:5)
    at next (E:\Arecibo\SJTJ-v1.3\backend\node_modules\express\lib\router\route.js:149:13)
    at E:\Arecibo\SJTJ-v1.3\backend\src\middleware\validation.js:28:5
    at Layer.handle [as handle_request] (E:\Arecibo\SJTJ-v1.3\backend\node_modules\express\lib\router\layer.js:95:5)
    at next (E:\Arecibo\SJTJ-v1.3\backend\node_modules\express\lib\router\route.js:149:13)
2026-07-23 13:04:03 [ERROR]: Error: 数据库查询失败
    at E:\Arecibo\SJTJ-v1.3\backend\src\services\userService-simple.js:123:39
    at replacement (E:\Arecibo\SJTJ-v1.3\backend\node_modules\sqlite3\lib\trace.js:25:27)
    at Statement.errBack (E:\Arecibo\SJTJ-v1.3\backend\node_modules\sqlite3\lib\sqlite3.js:15:21)
2026-07-23 13:12:35 [ERROR]: SyntaxError: Expected ',' or '}' after property value in JSON at position 15 (line 1 column 16)
    at JSON.parse (<anonymous>)
    at parse (E:\Arecibo\SJTJ-v1.3\backend\node_modules\body-parser\lib\types\json.js:92:19)
    at E:\Arecibo\SJTJ-v1.3\backend\node_modules\body-parser\lib\read.js:128:18
    at AsyncResource.runInAsyncScope (node:async_hooks:227:14)
    at invokeCallback (E:\Arecibo\SJTJ-v1.3\backend\node_modules\raw-body\index.js:238:16)
    at done (E:\Arecibo\SJTJ-v1.3\backend\node_modules\raw-body\index.js:227:7)
    at IncomingMessage.onEnd (E:\Arecibo\SJTJ-v1.3\backend\node_modules\raw-body\index.js:287:7)
    at IncomingMessage.emit (node:events:509:28)
    at endReadableNT (node:internal/streams/readable:1735:12)
    at process.processTicksAndRejections (node:internal/process/task_queues:90:21)
2026-07-23 13:15:52 [ERROR]: Error: listen EADDRINUSE: address already in use :::3001
    at Server.setupListenHandle [as _listen2] (node:net:2008:16)
    at listenInCluster (node:net:2065:12)
    at Server.listen (node:net:2170:7)
    at app.listen (E:\Arecibo\SJTJ-v1.3\backend\node_modules\express\lib\application.js:635:24)
    at SimpleApp.start (E:\Arecibo\SJTJ-v1.3\backend\src\app-simple.js:262:30)
2026-07-24 09:25:49 [ERROR]: Error: listen EADDRINUSE: address already in use :::3001
    at Server.setupListenHandle [as _listen2] (node:net:2008:16)
    at listenInCluster (node:net:2065:12)
    at Server.listen (node:net:2170:7)
    at app.listen (E:\Arecibo\SJTJ-v1.3\backend\node_modules\express\lib\application.js:635:24)
    at SimpleApp.start (E:\Arecibo\SJTJ-v1.3\backend\src\app-simple.js:262:30)
2026-07-24 09:29:04 [ERROR]: Error: 数据库未初始化
    at SimpleDatabaseManager.getDatabase (E:\Arecibo\SJTJ-v1.3\backend\src\config\database-simple.js:425:13)
    at E:\Arecibo\SJTJ-v1.3\backend\src\routes\herbs.js:192:32
    at Layer.handle [as handle_request] (E:\Arecibo\SJTJ-v1.3\backend\node_modules\express\lib\router\layer.js:95:5)
    at next (E:\Arecibo\SJTJ-v1.3\backend\node_modules\express\lib\router\route.js:149:13)
    at Route.dispatch (E:\Arecibo\SJTJ-v1.3\backend\node_modules\express\lib\router\route.js:119:3)
    at Layer.handle [as handle_request] (E:\Arecibo\SJTJ-v1.3\backend\node_modules\express\lib\router\layer.js:95:5)
    at E:\Arecibo\SJTJ-v1.3\backend\node_modules\express\lib\router\index.js:284:15
    at router.process_params (E:\Arecibo\SJTJ-v1.3\backend\node_modules\express\lib\router\index.js:346:12)
    at next (E:\Arecibo\SJTJ-v1.3\backend\node_modules\express\lib\router\index.js:280:10)
    at router.handle (E:\Arecibo\SJTJ-v1.3\backend\node_modules\express\lib\router\index.js:175:3)
2026-07-24 20:44:29 [INFO]: 正在初始化SQLite数据库...
2026-07-24 20:44:29 [INFO]: SQLite数据库连接成功
2026-07-24 20:44:29 [INFO]: ✅ 外键约束已启用
2026-07-24 20:44:29 [INFO]: 所有数据表初始化完成
2026-07-24 20:44:30 [INFO]: 参考数据初始化完成（性味归经/分类/产地/来源）
2026-07-27 21:44:16 [ERROR]: Error: 只允许上传图片文件 (jpeg, jpg, png, gif, webp)
    at fileFilter (E:\Arecibo\SJTJ-v1.3\backend\src\routes\herb-images.js:33:8)
    at wrappedFileFilter (E:\Arecibo\SJTJ-v1.3\backend\node_modules\multer\index.js:44:7)
    at Multipart.<anonymous> (E:\Arecibo\SJTJ-v1.3\backend\node_modules\multer\lib\make-middleware.js:109:7)
    at Multipart.emit (node:events:509:28)
    at HeaderParser.cb (E:\Arecibo\SJTJ-v1.3\backend\node_modules\busboy\lib\types\multipart.js:358:14)
    at HeaderParser.push (E:\Arecibo\SJTJ-v1.3\backend\node_modules\busboy\lib\types\multipart.js:162:20)
    at SBMH.ssCb [as _cb] (E:\Arecibo\SJTJ-v1.3\backend\node_modules\busboy\lib\types\multipart.js:394:37)
    at feed (E:\Arecibo\SJTJ-v1.3\backend\node_modules\streamsearch\lib\sbmh.js:219:14)
    at SBMH.push (E:\Arecibo\SJTJ-v1.3\backend\node_modules\streamsearch\lib\sbmh.js:104:16)
    at Multipart._write (E:\Arecibo\SJTJ-v1.3\backend\node_modules\busboy\lib\types\multipart.js:567:19)
2026-07-27 21:44:16 [ERROR]: Error: 只允许上传图片文件 (jpeg, jpg, png, gif, webp)
    at fileFilter (E:\Arecibo\SJTJ-v1.3\backend\src\routes\herb-images.js:33:8)
    at wrappedFileFilter (E:\Arecibo\SJTJ-v1.3\backend\node_modules\multer\index.js:44:7)
    at Multipart.<anonymous> (E:\Arecibo\SJTJ-v1.3\backend\node_modules\multer\lib\make-middleware.js:109:7)
    at Multipart.emit (node:events:509:28)
    at HeaderParser.cb (E:\Arecibo\SJTJ-v1.3\backend\node_modules\busboy\lib\types\multipart.js:358:14)
    at HeaderParser.push (E:\Arecibo\SJTJ-v1.3\backend\node_modules\busboy\lib\types\multipart.js:162:20)
    at SBMH.ssCb [as _cb] (E:\Arecibo\SJTJ-v1.3\backend\node_modules\busboy\lib\types\multipart.js:394:37)
    at feed (E:\Arecibo\SJTJ-v1.3\backend\node_modules\streamsearch\lib\sbmh.js:219:14)
    at SBMH.push (E:\Arecibo\SJTJ-v1.3\backend\node_modules\streamsearch\lib\sbmh.js:104:16)
    at Multipart._write (E:\Arecibo\SJTJ-v1.3\backend\node_modules\busboy\lib\types\multipart.js:567:19)
2026-07-27 21:44:17 [ERROR]: Error: 只允许上传图片文件 (jpeg, jpg, png, gif, webp)
    at fileFilter (E:\Arecibo\SJTJ-v1.3\backend\src\routes\herb-images.js:33:8)
    at wrappedFileFilter (E:\Arecibo\SJTJ-v1.3\backend\node_modules\multer\index.js:44:7)
    at Multipart.<anonymous> (E:\Arecibo\SJTJ-v1.3\backend\node_modules\multer\lib\make-middleware.js:109:7)
    at Multipart.emit (node:events:509:28)
    at HeaderParser.cb (E:\Arecibo\SJTJ-v1.3\backend\node_modules\busboy\lib\types\multipart.js:358:14)
    at HeaderParser.push (E:\Arecibo\SJTJ-v1.3\backend\node_modules\busboy\lib\types\multipart.js:162:20)
    at SBMH.ssCb [as _cb] (E:\Arecibo\SJTJ-v1.3\backend\node_modules\busboy\lib\types\multipart.js:394:37)
    at feed (E:\Arecibo\SJTJ-v1.3\backend\node_modules\streamsearch\lib\sbmh.js:219:14)
    at SBMH.push (E:\Arecibo\SJTJ-v1.3\backend\node_modules\streamsearch\lib\sbmh.js:104:16)
    at Multipart._write (E:\Arecibo\SJTJ-v1.3\backend\node_modules\busboy\lib\types\multipart.js:567:19)
2026-07-27 21:44:17 [ERROR]: Error: 只允许上传图片文件 (jpeg, jpg, png, gif, webp)
    at fileFilter (E:\Arecibo\SJTJ-v1.3\backend\src\routes\herb-images.js:33:8)
    at wrappedFileFilter (E:\Arecibo\SJTJ-v1.3\backend\node_modules\multer\index.js:44:7)
    at Multipart.<anonymous> (E:\Arecibo\SJTJ-v1.3\backend\node_modules\multer\lib\make-middleware.js:109:7)
    at Multipart.emit (node:events:509:28)
    at HeaderParser.cb (E:\Arecibo\SJTJ-v1.3\backend\node_modules\busboy\lib\types\multipart.js:358:14)
    at HeaderParser.push (E:\Arecibo\SJTJ-v1.3\backend\node_modules\busboy\lib\types\multipart.js:162:20)
    at SBMH.ssCb [as _cb] (E:\Arecibo\SJTJ-v1.3\backend\node_modules\busboy\lib\types\multipart.js:394:37)
    at feed (E:\Arecibo\SJTJ-v1.3\backend\node_modules\streamsearch\lib\sbmh.js:219:14)
    at SBMH.push (E:\Arecibo\SJTJ-v1.3\backend\node_modules\streamsearch\lib\sbmh.js:104:16)
    at Multipart._write (E:\Arecibo\SJTJ-v1.3\backend\node_modules\busboy\lib\types\multipart.js:567:19)
2026-07-27 21:44:17 [ERROR]: Error: 只允许上传图片文件 (jpeg, jpg, png, gif, webp)
    at fileFilter (E:\Arecibo\SJTJ-v1.3\backend\src\routes\herb-images.js:33:8)
    at wrappedFileFilter (E:\Arecibo\SJTJ-v1.3\backend\node_modules\multer\index.js:44:7)
    at Multipart.<anonymous> (E:\Arecibo\SJTJ-v1.3\backend\node_modules\multer\lib\make-middleware.js:109:7)
    at Multipart.emit (node:events:509:28)
    at HeaderParser.cb (E:\Arecibo\SJTJ-v1.3\backend\node_modules\busboy\lib\types\multipart.js:358:14)
    at HeaderParser.push (E:\Arecibo\SJTJ-v1.3\backend\node_modules\busboy\lib\types\multipart.js:162:20)
    at SBMH.ssCb [as _cb] (E:\Arecibo\SJTJ-v1.3\backend\node_modules\busboy\lib\types\multipart.js:394:37)
    at feed (E:\Arecibo\SJTJ-v1.3\backend\node_modules\streamsearch\lib\sbmh.js:219:14)
    at SBMH.push (E:\Arecibo\SJTJ-v1.3\backend\node_modules\streamsearch\lib\sbmh.js:104:16)
    at Multipart._write (E:\Arecibo\SJTJ-v1.3\backend\node_modules\busboy\lib\types\multipart.js:567:19)
2026-07-27 21:44:18 [ERROR]: Error: 只允许上传图片文件 (jpeg, jpg, png, gif, webp)
    at fileFilter (E:\Arecibo\SJTJ-v1.3\backend\src\routes\herb-images.js:33:8)
    at wrappedFileFilter (E:\Arecibo\SJTJ-v1.3\backend\node_modules\multer\index.js:44:7)
    at Multipart.<anonymous> (E:\Arecibo\SJTJ-v1.3\backend\node_modules\multer\lib\make-middleware.js:109:7)
    at Multipart.emit (node:events:509:28)
    at HeaderParser.cb (E:\Arecibo\SJTJ-v1.3\backend\node_modules\busboy\lib\types\multipart.js:358:14)
    at HeaderParser.push (E:\Arecibo\SJTJ-v1.3\backend\node_modules\busboy\lib\types\multipart.js:162:20)
    at SBMH.ssCb [as _cb] (E:\Arecibo\SJTJ-v1.3\backend\node_modules\busboy\lib\types\multipart.js:394:37)
    at feed (E:\Arecibo\SJTJ-v1.3\backend\node_modules\streamsearch\lib\sbmh.js:219:14)
    at SBMH.push (E:\Arecibo\SJTJ-v1.3\backend\node_modules\streamsearch\lib\sbmh.js:104:16)
    at Multipart._write (E:\Arecibo\SJTJ-v1.3\backend\node_modules\busboy\lib\types\multipart.js:567:19)
2026-07-27 21:44:18 [ERROR]: Error: 只允许上传图片文件 (jpeg, jpg, png, gif, webp)
    at fileFilter (E:\Arecibo\SJTJ-v1.3\backend\src\routes\herb-images.js:33:8)
    at wrappedFileFilter (E:\Arecibo\SJTJ-v1.3\backend\node_modules\multer\index.js:44:7)
    at Multipart.<anonymous> (E:\Arecibo\SJTJ-v1.3\backend\node_modules\multer\lib\make-middleware.js:109:7)
    at Multipart.emit (node:events:509:28)
    at HeaderParser.cb (E:\Arecibo\SJTJ-v1.3\backend\node_modules\busboy\lib\types\multipart.js:358:14)
    at HeaderParser.push (E:\Arecibo\SJTJ-v1.3\backend\node_modules\busboy\lib\types\multipart.js:162:20)
    at SBMH.ssCb [as _cb] (E:\Arecibo\SJTJ-v1.3\backend\node_modules\busboy\lib\types\multipart.js:394:37)
    at feed (E:\Arecibo\SJTJ-v1.3\backend\node_modules\streamsearch\lib\sbmh.js:219:14)
    at SBMH.push (E:\Arecibo\SJTJ-v1.3\backend\node_modules\streamsearch\lib\sbmh.js:104:16)
    at Multipart._write (E:\Arecibo\SJTJ-v1.3\backend\node_modules\busboy\lib\types\multipart.js:567:19)
2026-07-27 21:44:18 [ERROR]: Error: 只允许上传图片文件 (jpeg, jpg, png, gif, webp)
    at fileFilter (E:\Arecibo\SJTJ-v1.3\backend\src\routes\herb-images.js:33:8)
    at wrappedFileFilter (E:\Arecibo\SJTJ-v1.3\backend\node_modules\multer\index.js:44:7)
    at Multipart.<anonymous> (E:\Arecibo\SJTJ-v1.3\backend\node_modules\multer\lib\make-middleware.js:109:7)
    at Multipart.emit (node:events:509:28)
    at HeaderParser.cb (E:\Arecibo\SJTJ-v1.3\backend\node_modules\busboy\lib\types\multipart.js:358:14)
    at HeaderParser.push (E:\Arecibo\SJTJ-v1.3\backend\node_modules\busboy\lib\types\multipart.js:162:20)
    at SBMH.ssCb [as _cb] (E:\Arecibo\SJTJ-v1.3\backend\node_modules\busboy\lib\types\multipart.js:394:37)
    at feed (E:\Arecibo\SJTJ-v1.3\backend\node_modules\streamsearch\lib\sbmh.js:219:14)
    at SBMH.push (E:\Arecibo\SJTJ-v1.3\backend\node_modules\streamsearch\lib\sbmh.js:104:16)
    at Multipart._write (E:\Arecibo\SJTJ-v1.3\backend\node_modules\busboy\lib\types\multipart.js:567:19)
2026-07-27 21:44:18 [ERROR]: Error: 只允许上传图片文件 (jpeg, jpg, png, gif, webp)
    at fileFilter (E:\Arecibo\SJTJ-v1.3\backend\src\routes\herb-images.js:33:8)
    at wrappedFileFilter (E:\Arecibo\SJTJ-v1.3\backend\node_modules\multer\index.js:44:7)
    at Multipart.<anonymous> (E:\Arecibo\SJTJ-v1.3\backend\node_modules\multer\lib\make-middleware.js:109:7)
    at Multipart.emit (node:events:509:28)
    at HeaderParser.cb (E:\Arecibo\SJTJ-v1.3\backend\node_modules\busboy\lib\types\multipart.js:358:14)
    at HeaderParser.push (E:\Arecibo\SJTJ-v1.3\backend\node_modules\busboy\lib\types\multipart.js:162:20)
    at SBMH.ssCb [as _cb] (E:\Arecibo\SJTJ-v1.3\backend\node_modules\busboy\lib\types\multipart.js:394:37)
    at feed (E:\Arecibo\SJTJ-v1.3\backend\node_modules\streamsearch\lib\sbmh.js:219:14)
    at SBMH.push (E:\Arecibo\SJTJ-v1.3\backend\node_modules\streamsearch\lib\sbmh.js:104:16)
    at Multipart._write (E:\Arecibo\SJTJ-v1.3\backend\node_modules\busboy\lib\types\multipart.js:567:19)
2026-07-27 21:44:45 [ERROR]: Error: 只允许上传图片文件 (jpeg, jpg, png, gif, webp)
    at fileFilter (E:\Arecibo\SJTJ-v1.3\backend\src\routes\herb-images.js:33:8)
    at wrappedFileFilter (E:\Arecibo\SJTJ-v1.3\backend\node_modules\multer\index.js:44:7)
    at Multipart.<anonymous> (E:\Arecibo\SJTJ-v1.3\backend\node_modules\multer\lib\make-middleware.js:109:7)
    at Multipart.emit (node:events:509:28)
    at HeaderParser.cb (E:\Arecibo\SJTJ-v1.3\backend\node_modules\busboy\lib\types\multipart.js:358:14)
    at HeaderParser.push (E:\Arecibo\SJTJ-v1.3\backend\node_modules\busboy\lib\types\multipart.js:162:20)
    at SBMH.ssCb [as _cb] (E:\Arecibo\SJTJ-v1.3\backend\node_modules\busboy\lib\types\multipart.js:394:37)
    at feed (E:\Arecibo\SJTJ-v1.3\backend\node_modules\streamsearch\lib\sbmh.js:219:14)
    at SBMH.push (E:\Arecibo\SJTJ-v1.3\backend\node_modules\streamsearch\lib\sbmh.js:104:16)
    at Multipart._write (E:\Arecibo\SJTJ-v1.3\backend\node_modules\busboy\lib\types\multipart.js:567:19)
2026-07-27 21:50:46 [ERROR]: Error: listen EADDRINUSE: address already in use :::3001
    at Server.setupListenHandle [as _listen2] (node:net:2008:16)
    at listenInCluster (node:net:2065:12)
    at Server.listen (node:net:2170:7)
    at app.listen (E:\Arecibo\SJTJ-v1.3\backend\node_modules\express\lib\application.js:635:24)
    at SimpleApp.start (E:\Arecibo\SJTJ-v1.3\backend\src\app-simple.js:295:30)
